[minecraft-ids.grahamedgecombe.com/index.html]
[backblue.gif]
[fade.gif]
[index.html]
[minecraft-ids.grahamedgecombe.com/favicon.png]
[minecraft-ids.grahamedgecombe.com/favicon.ico]
[pagead2.googlesyndication.com/pagead/js/f.txt]
[minecraft-ids.grahamedgecombe.com/entities.html]
[minecraft-ids.grahamedgecombe.com/potion-calculator.html]
[minecraft-ids.grahamedgecombe.com/faq.html]
[minecraft-ids.grahamedgecombe.com/about.html]
[minecraft-ids.grahamedgecombe.com/api.html]
[minecraft-ids.grahamedgecombe.com/javascripts/bundles/all/1644090399.js]
[www.google-analytics.com/analytics.js]
[minecraft-ids.grahamedgecombe.com/index.html]
[minecraft-ids.grahamedgecombe.com/favicon16.png]
[minecraft-ids.grahamedgecombe.com/images/sprites/items-28.png]
[minecraft-ids.grahamedgecombe.com/images/sprites/entities-28.png]
[minecraft-ids.grahamedgecombe.com/images/sprites/potions-28.png]
[minecraft-ids.grahamedgecombe.com/images/fancybox.png]
[minecraft-ids.grahamedgecombe.com/images/blank.gif]
[minecraft-ids.grahamedgecombe.com/images/fancybox-x.png]
[minecraft-ids.grahamedgecombe.com/images/fancybox-y.png]
[minecraft-ids.grahamedgecombe.com/images/fancy_title_over.png]
[minecraft-ids.grahamedgecombe.com/images/fancy_close.png]
[minecraft-ids.grahamedgecombe.com/images/fancy_nav_left.png]
[minecraft-ids.grahamedgecombe.com/images/fancy_nav_right.png]
[minecraft-ids.grahamedgecombe.com/images/fancy_title_left.png]
[minecraft-ids.grahamedgecombe.com/images/fancy_title_main.png]
[minecraft-ids.grahamedgecombe.com/images/fancy_title_right.png]
[minecraft-ids.grahamedgecombe.com/images/fancy_loading.png]
[minecraft-ids.grahamedgecombe.com/images/fancy_shadow_n.png]
[minecraft-ids.grahamedgecombe.com/images/fancy_shadow_ne.png]
[minecraft-ids.grahamedgecombe.com/images/fancy_shadow_e.png]
[minecraft-ids.grahamedgecombe.com/images/fancy_shadow_se.png]
[minecraft-ids.grahamedgecombe.com/images/fancy_shadow_s.png]
[minecraft-ids.grahamedgecombe.com/images/fancy_shadow_sw.png]
[minecraft-ids.grahamedgecombe.com/images/fancy_shadow_w.png]
[minecraft-ids.grahamedgecombe.com/images/fancy_shadow_nw.png]
[minecraft-ids.grahamedgecombe.com/stylesheets/bundles/all/1644090399.css]
[minecraft-ids.grahamedgecombe.com/images/bg.png]
[minecraft-ids.grahamedgecombe.com/stylesheets/bundles/dark/1644090399.css]
[minecraft-ids.grahamedgecombe.com/entities.html]
[minecraft-ids.grahamedgecombe.com/potion-calculator.html]
[minecraft-ids.grahamedgecombe.com/faq.html]
[minecraft-ids.grahamedgecombe.com/images/screenshots/landscape.png]
[minecraft-ids.grahamedgecombe.com/about.html]
[minecraft-ids.grahamedgecombe.com/items.json]
[minecraft-ids.grahamedgecombe.com/items.tsv]
[minecraft-ids.grahamedgecombe.com/items.zip]
[minecraft-ids.grahamedgecombe.com/entities.json]
[minecraft-ids.grahamedgecombe.com/entities.tsv]
[minecraft-ids.grahamedgecombe.com/entities.zip]
[minecraft-ids.grahamedgecombe.com/api.html]
